Component: ARM Compiler 5.06 update 7 (build 960) Tool: armlink [4d3601]

==============================================================================

Section Cross References

    main.o(.text) refers to delay.o(.text) for delay_init
    main.o(.text) refers to misc.o(.text) for NVIC_PriorityGroupConfig
    main.o(.text) refers to usart.o(.text) for uart_init
    main.o(.text) refers to ads1220.o(.text) for ADS1220_SPI2_Init
    main.o(.text) refers to dac8563.o(.text) for DAC8563_Init
    main.o(.text) refers to usart2.o(.text) for USART2_Init
    main.o(.text) refers to esp8266.o(.text) for esp_send_cmd_IT
    main.o(.text) refers to __2printf.o(.text) for __2printf
    main.o(.text) refers to dflt_clz.o(x$fpl$dfltu) for __aeabi_ui2d
    main.o(.text) refers to dmul.o(x$fpl$dmul) for __aeabi_dmul
    main.o(.text) refers to daddsub_clz.o(x$fpl$dadd) for __aeabi_dadd
    main.o(.text) refers to dfixu.o(x$fpl$dfixu) for __aeabi_d2uiz
    main.o(.text) refers to daddsub_clz.o(x$fpl$drsb) for __aeabi_drsub
    main.o(.text) refers to usart.o(.data) for wifi_connect_flag
    main.o(.text) refers to esp8266.o(.data) for dataptr
    main.o(.text) refers to main.o(.data) for dataptr2
    main.o(.text) refers to esp8266.o(.bss) for DATA_BUF
    system_stm32f10x.o(.text) refers to system_stm32f10x.o(.data) for SystemCoreClock
    led.o(.text) refers to stm32f10x_rcc.o(.text) for RCC_APB2PeriphClockCmd
    led.o(.text) refers to stm32f10x_gpio.o(.text) for GPIO_Init
    spi.o(.text) refers to stm32f10x_rcc.o(.text) for RCC_APB2PeriphClockCmd
    spi.o(.text) refers to stm32f10x_gpio.o(.text) for GPIO_Init
    spi.o(.text) refers to stm32f10x_spi.o(.text) for SPI_Init
    spi.o(.text) refers to spi.o(.data) for DeviceID
    spi.o(.text) refers to spi.o(.bss) for Rx_Buffer
    spi2.o(.text) refers to stm32f10x_spi.o(.text) for SPI_Init
    delay.o(.text) refers to misc.o(.text) for SysTick_CLKSourceConfig
    delay.o(.text) refers to system_stm32f10x.o(.data) for SystemCoreClock
    delay.o(.text) refers to delay.o(.data) for fac_us
    ads1220.o(.text) refers to _printf_percent.o(.ARM.Collect$$_printf_percent$$00000000) for _printf_percent
    ads1220.o(.text) refers to _printf_d.o(.ARM.Collect$$_printf_percent$$00000009) for _printf_d
    ads1220.o(.text) refers to _printf_dec.o(.text) for _printf_int_dec
    ads1220.o(.text) refers to _printf_pad.o(.text) for _printf_pre_padding
    ads1220.o(.text) refers to stm32f10x_gpio.o(.text) for GPIO_ResetBits
    ads1220.o(.text) refers to delay.o(.text) for delay_us
    ads1220.o(.text) refers to spi2.o(.text) for SPI2_Send_Byte
    ads1220.o(.text) refers to stm32f10x_rcc.o(.text) for RCC_APB1PeriphClockCmd
    ads1220.o(.text) refers to dflt_clz.o(x$fpl$dflt) for __aeabi_i2d
    ads1220.o(.text) refers to dmul.o(x$fpl$dmul) for __aeabi_dmul
    ads1220.o(.text) refers to ddiv.o(x$fpl$ddiv) for __aeabi_ddiv
    ads1220.o(.text) refers to daddsub_clz.o(x$fpl$dsub) for __aeabi_dsub
    ads1220.o(.text) refers to f2d.o(x$fpl$f2d) for __aeabi_f2d
    ads1220.o(.text) refers to daddsub_clz.o(x$fpl$dadd) for __aeabi_dadd
    ads1220.o(.text) refers to d2f.o(x$fpl$d2f) for __aeabi_d2f
    ads1220.o(.text) refers to frleqf.o(x$fpl$frleqf) for __aeabi_cfrcmple
    ads1220.o(.text) refers to fdiv.o(x$fpl$fdiv) for __aeabi_fdiv
    ads1220.o(.text) refers to ffix.o(x$fpl$ffix) for __aeabi_f2iz
    ads1220.o(.text) refers to __2printf.o(.text) for __2printf
    ads1220.o(.text) refers to __2sprintf.o(.text) for __2sprintf
    ads1220.o(.text) refers to esp8266.o(.text) for Publish_MSG
    ads1220.o(.text) refers to ads1220.o(.data) for Vref
    ads1220.o(.text) refers to usart.o(.data) for connect_flag
    ads1220.o(.text) refers to main.o(.data) for CtrNumberForUart
    ads1220.o(.text) refers to esp8266.o(.data) for dataptr
    ads1220.o(.text) refers to esp8266.o(.bss) for DATA_BUF
    ads1220.o(.text) refers to usart.o(.bss) for sdata
    dac8563.o(.text) refers to delay.o(.text) for delay_us
    dac8563.o(.text) refers to stm32f10x_rcc.o(.text) for RCC_APB2PeriphClockCmd
    dac8563.o(.text) refers to stm32f10x_gpio.o(.text) for GPIO_Init
    usart.o(.text) refers (Special) to use_no_semi_2.o(.text) for __use_no_semihosting
    usart.o(.text) refers to stm32f10x_rcc.o(.text) for RCC_APB2PeriphClockCmd
    usart.o(.text) refers to stm32f10x_gpio.o(.text) for GPIO_Init
    usart.o(.text) refers to stm32f10x_usart.o(.text) for USART_Init
    usart.o(.text) refers to misc.o(.text) for NVIC_Init
    usart.o(.text) refers to usart.o(.data) for CtrCode
    usart.o(.text) refers to esp8266.o(.data) for dataptr
    usart.o(.text) refers to main.o(.data) for dataptr2
    usart.o(.text) refers to esp8266.o(.bss) for DATA_BUF
    usart.o(.bss) refers (Special) to use_no_semi_2.o(.text) for __use_no_semihosting
    usart.o(.data) refers (Special) to use_no_semi_2.o(.text) for __use_no_semihosting
[...]
    .text                                    0x08002e38   Section        0  heapauxi.o(.text)
    .text                                    0x08002e3e   Section        2  use_no_semi.o(.text)
    .text                                    0x08002e40   Section        0  _printf_truncate.o(.text)
    .text                                    0x08002e64   Section        0  _printf_intcommon.o(.text)
    .text                                    0x08002f16   Section        0  _printf_charcount.o(.text)
    .text                                    0x08002f40   Section        0  _printf_char_common.o(.text)
    _printf_input_char                       0x08002f41   Thumb Code    10  _printf_char_common.o(.text)
    .text                                    0x08002f70   Section        0  _sputc.o(.text)
    .text                                    0x08002f7a   Section        0  _printf_char.o(.text)
    .text                                    0x08002fa8   Section        0  _printf_char_file.o(.text)
    .text                                    0x08002fcc   Section        0  _printf_wctomb.o(.text)
    .text                                    0x08003088   Section        0  _printf_longlong_dec.o(.text)
    .text                                    0x08003104   Section        0  _printf_oct_int_ll.o(.text)
    _printf_longlong_oct_internal            0x08003105   Thumb Code     0  _printf_oct_int_ll.o(.text)
    .text                                    0x08003174   Section        0  _printf_hex_int_ll_ptr.o(.text)
    _printf_hex_common                       0x08003175   Thumb Code     0  _printf_hex_int_ll_ptr.o(.text)
    .text                                    0x08003208   Section      138  lludiv10.o(.text)
    .text                                    0x08003292   Section        0  _printf_fp_dec.o(.text)
    _fp_digits                               0x08003295   Thumb Code   432  _printf_fp_dec.o(.text)
    .text                                    0x080036b0   Section        0  _printf_wchar.o(.text)
    .text                                    0x080036dc   Section        0  ferror.o(.text)
    .text                                    0x080036e4   Section        0  _wcrtomb.o(.text)
    .text                                    0x08003724   Section       74  sys_stackheap_outer.o(.text)
    .text                                    0x08003770   Section       16  rt_ctype_table.o(.text)
    .text                                    0x08003780   Section        8  rt_locale_intlibspace.o(.text)
    .text                                    0x08003788   Section        0  _printf_fp_infnan.o(.text)
    .text                                    0x08003808   Section        0  bigflt0.o(.text)
    .text                                    0x080038ec   Section        0  exit.o(.text)
    .text                                    0x08003900   Section        8  libspace.o(.text)
    .text                                    0x08003908   Section      128  strcmpv7m.o(.text)
    CL$$btod_d2e                             0x08003988   Section       62  btod.o(CL$$btod_d2e)
    CL$$btod_d2e_denorm_low                  0x080039c6   Section       70  btod.o(CL$$btod_d2e_denorm_low)
    CL$$btod_d2e_norm_op1                    0x08003a0c   Section       96  btod.o(CL$$btod_d2e_norm_op1)
    CL$$btod_div_common                      0x08003a6c   Section      824  btod.o(CL$$btod_div_common)
    CL$$btod_e2e                             0x08003da4   Section      220  btod.o(CL$$btod_e2e)
    CL$$btod_ediv                            0x08003e80   Section       42  btod.o(CL$$btod_ediv)
    CL$$btod_emul                            0x08003eaa   Section       42  btod.o(CL$$btod_emul)
    CL$$btod_mult_common                     0x08003ed4   Section      580  btod.o(CL$$btod_mult_common)
    i.__ARM_fpclassify                       0x08004118   Section        0  fpclassify.o(i.__ARM_fpclassify)
    i._is_digit                              0x08004140   Section        0  __printf_wp.o(i._is_digit)
    locale$$code                             0x08004150   Section       44  lc_numeric_c.o(locale$$code)
    locale$$code                             0x0800417c   Section       44  lc_ctype_c.o(locale$$code)
    x$fpl$d2f                                0x080041a8   Section       98  d2f.o(x$fpl$d2f)
    x$fpl$dadd                               0x0800420c   Section      336  daddsub_clz.o(x$fpl$dadd)
    _dadd1                                   0x0800421d   Thumb Code     0  daddsub_clz.o(x$fpl$dadd)
    x$fpl$ddiv                               0x0800435c   Section      688  ddiv.o(x$fpl$ddiv)
    ddiv_entry                               0x08004363   Thumb Code     0  ddiv.o(x$fpl$ddiv)
    x$fpl$dfixu                              0x0800460c   Section       90  dfixu.o(x$fpl$dfixu)
    x$fpl$dflt                               0x08004666   Section       46  dflt_clz.o(x$fpl$dflt)
    x$fpl$dfltu                              0x08004694   Section       38  dflt_clz.o(x$fpl$dfltu)
    x$fpl$dmul                               0x080046bc   Section      340  dmul.o(x$fpl$dmul)
    x$fpl$dnaninf                            0x08004810   Section      156  dnaninf.o(x$fpl$dnaninf)
    x$fpl$dretinf                            0x080048ac   Section       12  dretinf.o(x$fpl$dretinf)
    x$fpl$drsb                               0x080048b8   Section       22  daddsub_clz.o(x$fpl$drsb)
    x$fpl$dsub                               0x080048d0   Section      468  daddsub_clz.o(x$fpl$dsub)
    _dsub1                                   0x080048e1   Thumb Code     0  daddsub_clz.o(x$fpl$dsub)
    x$fpl$f2d                                0x08004aa4   Section       86  f2d.o(x$fpl$f2d)
    x$fpl$fcmpinf                            0x08004afa   Section       24  fcmpi.o(x$fpl$fcmpinf)
    x$fpl$fdiv                               0x08004b14   Section      388  fdiv.o(x$fpl$fdiv)
    _fdiv1                                   0x08004b15   Thumb Code     0  fdiv.o(x$fpl$fdiv)
    x$fpl$ffix                               0x08004c98   Section       54  ffix.o(x$fpl$ffix)
    x$fpl$fleqf                              0x08004cd0   Section      104  fleqf.o(x$fpl$fleqf)
    x$fpl$fnaninf                            0x08004d38   Section      140  fnaninf.o(x$fpl$fnaninf)
    x$fpl$fretinf                            0x08004dc4   Section       10  fretinf.o(x$fpl$fretinf)
    x$fpl$frleqf                             0x08004dce   Section       98  frleqf.o(x$fpl$frleqf)
    x$fpl$printf1                            0x08004e30   Section        4  printf1.o(x$fpl$printf1)
    .constdata                               0x08004e34   Section       17  __printf_flags_ss_wp.o(.constdata)
    x$fpl$usenofp                            0x08004e34   Section        0  usenofp.o(x$fpl$usenofp)
    maptable                                 0x08004e34   Data          17  __printf_flags_ss_wp.o(.constdata)
    .constdata                               0x08004e48   Section        8  _printf_wctomb.o(.constdata)
    initial_mbstate                          0x08004e48   Data           8  _printf_wctomb.o(.constdata)
    .constdata                               0x08004e50   Section       40  _printf_hex_int_ll_ptr.o(.constdata)
    uc_hextab                                0x08004e50   Data          20  _printf_hex_int_ll_ptr.o(.constdata)
    lc_hextab                                0x08004e64   Data          20  _printf_hex_int_ll_ptr.o(.constdata)
    .constdata                               0x08004e78   Section      148  bigflt0.o(.constdata)
    tenpwrs_x                                0x08004e78   Data          60  bigflt0.o(.constdata)
    tenpwrs_i                                0x08004eb4   Data          64  bigflt0.o(.constdata)
    locale$$data                             0x08004f2c   Section       28  lc_numeric_c.o(locale$$data)
    __lcnum_c_name                           0x08004f30   Data           2  lc_numeric_c.o(locale$$data)
    __lcnum_c_start                          0x08004f38   Data           0  lc_numeric_c.o(locale$$data)
    __lcnum_c_point                          0x08004f44   Data           0  lc_numeric_c.o(locale$$data)
    __lcnum_c_thousands                      0x08004f46   Data           0  lc_numeric_c.o(locale$$data)
    __lcnum_c_grouping                       0x08004f47   Data           0  lc_numeric_c.o(locale$$data)
    locale$$data                             0x08004f48   Section      272  lc_ctype_c.o(locale$$data)
    __lcnum_c_end                            0x08004f48   Data           0  lc_numeric_c.o(locale$$data)
    __lcctype_c_name                         0x08004f4c   Data           2  lc_ctype_c.o(locale$$data)
    __lcctype_c_start                        0x08004f54   Data           0  lc_ctype_c.o(locale$$data)
    __lcctype_c_end                          0x08005058   Data           0  lc_ctype_c.o(locale$$data)
    .data                                    0x20000000   Section       10  main.o(.data)
    .data                                    0x2000000c   Section       20  system_stm32f10x.o(.data)
    .data                                    0x20000020   Section        4  delay.o(.data)
    fac_us                                   0x20000020   Data           1  delay.o(.data)
    fac_ms                                   0x20000022   Data           2  delay.o(.data)
    .data                                    0x20000028   Section       24  ads1220.o(.data)
    .data                                    0x20000040   Section       28  usart.o(.data)
    .data                                    0x2000005c   Section        6  usart2.o(.data)
    DMA1_MEM_LEN                             0x20000060   Data           2  usart2.o(.data)
    .data                                    0x20000062   Section        6  esp8266.o(.data)
    .data                                    0x20000068   Section       20  stm32f10x_rcc.o(.data)
    APBAHBPrescTable                         0x20000068   Data          16  stm32f10x_rcc.o(.data)
    ADCPrescTable                            0x20000078   Data           4  stm32f10x_rcc.o(.data)
    .bss                                     0x2000007c   Section       40  usart.o(.bss)
    .bss                                     0x200000a8   Section     2604  usart2.o(.bss)
    .bss                                     0x20000ad4   Section     8192  esp8266.o(.bss)
    .bss                                     0x20002ad4   Section       96  libspace.o(.bss)
    HEAP                                     0x20002b38   Section      512  startup_stm32f10x_md.o(HEAP)
    Heap_Mem                                 0x20002b38   Data         512  startup_stm32f10x_md.o(HEAP)
    STACK                                    0x20002d38   Section     1024  startup_stm32f10x_md.o(STACK)
    Stack_Mem                                0x20002d38   Data        1024  startup_stm32f10x_md.o(STACK)
    __initial_sp                             0x20003138   Data           0  startup_stm32f10x_md.o(STACK)

    Global Symbols

    Symbol Name                              Value     Ov Type        Size  Object(Section)

    BuildAttributes$$THM_ISAv4$P$D$K$B$S$PE$A:L22UL41UL21$X:L11$S22US41US21$IEEE1$IW$USESV6$~STKCKD$USESV7$~SHL$OTIME$ROPI$IEEEJ$EBA8$UX$STANDARDLIB$REQ8$PRES8$EABIv2 0x00000000   Number         0  anon$$obj.o ABSOLUTE
    __ARM_use_no_argv                        0x00000000   Number         0  main.o ABSOLUTE
    _printf_flags                            0x00000000   Number         0  printf_stubs.o ABSOLUTE
    _printf_return_value                     0x00000000   Number         0  printf_stubs.o ABSOLUTE
    _printf_sizespec                         0x00000000   Number         0  printf_stubs.o ABSOLUTE
    _printf_widthprec                        0x00000000   Number         0  printf_stubs.o ABSOLUTE
    __ARM_exceptions_init                     - Undefined Weak Reference
    __alloca_initialize                       - Undefined Weak Reference
    __arm_fini_                               - Undefined Weak Reference
    __arm_preinit_                            - Undefined Weak Reference
    __cpp_initialize__aeabi_                  - Undefined Weak Reference
    __cxa_finalize                            - Undefined Weak Reference
    __sigvec_lookup                           - Undefined Weak Reference
    _atexit_init                              - Undefined Weak Reference
    _call_atexit_fns                          - Undefined Weak Reference
    _clock_init                               - Undefined Weak Reference
    _fp_trap_init                             - Undefined Weak Reference
    _fp_trap_shutdown                         - Undefined Weak Reference
    _get_lc_collate                           - Undefined Weak Reference
    _get_lc_monetary                          - Undefined Weak Reference
    _get_lc_time                              - Undefined Weak Reference
    _getenv_init                              - Undefined Weak Reference
    _handle_redirection                       - Undefined Weak Reference
    _init_alloc                               - Undefined Weak Reference
    _init_user_alloc                          - Undefined Weak Reference
    _initio                                   - Undefined Weak Reference
    _mutex_acquire                            - Undefined Weak Reference
    _mutex_release                            - Undefined Weak Reference
    _printf_fp_hex                            - Undefined Weak Reference
    _printf_mbtowc                            - Undefined Weak Reference
    _printf_wc                                - Undefined Weak Reference
    _rand_init                                - Undefined Weak Reference
    _signal_finish                            - Undefined Weak Reference
    _signal_init                              - Undefined Weak Reference
    _terminate_alloc                          - Undefined Weak Reference
    _terminate_user_alloc                     - Undefined Weak Reference
    _terminateio                              - Undefined Weak Reference
    __Vectors_Size                           0x000000ec   Number         0  startup_stm32f10x_md.o ABSOLUTE
    __Vectors                                0x08000000   Data           4  startup_stm32f10x_md.o(RESET)
    __Vectors_End                            0x080000ec   Data           0  startup_stm32f10x_md.o(RESET)
    __main                                   0x080000ed   Thumb Code     8  __main.o(!!!main)
    __scatterload                            0x080000f5   Thumb Code     0  __scatter.o(!!!scatter)
    __scatterload_rt2                        0x080000f5   Thumb Code    44  __scatter.o(!!!scatter)
    __scatterload_rt2_thumb_only             0x080000f5   Thumb Code     0  __scatter.o(!!!scatter)
    __scatterload_null                       0x08000103   Thumb Code     0  __scatter.o(!!!scatter)
    __scatterload_copy                       0x08000129   Thumb Code    26  __scatter_copy.o(!!handler_copy)
    __scatterload_zeroinit                   0x08000145   Thumb Code    28  __scatter_zi.o(!!handler_zi)
    _printf_n                                0x08000161   Thumb Code     0  _printf_n.o(.ARM.Collect$$_printf_percent$$00000001)
    _printf_percent                          0x08000161   Thumb Code     0  _printf_percent.o(.ARM.Collect$$_printf_percent$$00000000)
    _printf_p                                0x08000167   Thumb Code     0  _printf_p.o(.ARM.Collect$$_printf_percent$$00000002)
    _printf_f                                0x0800016d   Thumb Code     0  _printf_f.o(.ARM.Collect$$_printf_percent$$00000003)
    _printf_e                                0x08000173   Thumb Code     0  _printf_e.o(.ARM.Collect$$_printf_percent$$00000004)
    _printf_g                                0x08000179   Thumb Code     0  _printf_g.o(.ARM.Collect$$_printf_percent$$00000005)
    _printf_a                                0x0800017f   Thumb Code     0  _printf_a.o(.ARM.Collect$$_printf_percent$$00000006)
    _printf_ll                               0x08000185   Thumb Code     0  _printf_ll.o(.ARM.Collect$$_printf_percent$$00000007)
    _printf_i                                0x0800018f   Thumb Code     0  _printf_i.o(.ARM.Collect$$_printf_percent$$00000008)
    _printf_d                                0x08000195   Thumb Code     0  _printf_d.o(.ARM.Collect$$_printf_percent$$00000009)
    _printf_u                                0x0800019b   Thumb Code     0  _printf_u.o(.ARM.Collect$$_printf_percent$$0000000A)
    _printf_o                                0x080001a1   Thumb Code     0  _printf_o.o(.ARM.Collect$$_printf_percent$$0000000B)
    _printf_x                                0x080001a7   Thumb Code     0  _printf_x.o(.ARM.Collect$$_printf_percent$$0000000C)
    _printf_lli                              0x080001ad   Thumb Code     0  _printf_lli.o(.ARM.Collect$$_printf_percent$$0000000D)
    _printf_lld                              0x080001b3   Thumb Code     0  _printf_lld.o(.ARM.Collect$$_printf_percent$$0000000E)
    _printf_llu                              0x080001b9   Thumb Code     0  _printf_llu.o(.ARM.Collect$$_printf_percent$$0000000F)
    _printf_llo                              0x080001bf   Thumb Code     0  _printf_llo.o(.ARM.Collect$$_printf_percent$$00000010)
    _printf_llx                              0x080001c5   Thumb Code     0  _printf_llx.o(.ARM.Collect$$_printf_percent$$00000011)
    _printf_l                                0x080001cb   Thumb Code     0  _printf_l.o(.ARM.Collect$$_printf_percent$$00000012)
    _printf_c                                0x080001d5   Thumb Code     0  _printf_c.o(.ARM.Collect$$_printf_percent$$00000013)
    _printf_s                                0x080001db   Thumb Code     0  _printf_s.o(.ARM.Collect$$_printf_percent$$00000014)
    _printf_lc                               0x080001e1   Thumb Code     0  _printf_lc.o(.ARM.Collect$$_printf_percent$$00000015)
    _printf_ls                               0x080001e7   Thumb Code     0  _printf_ls.o(.ARM.Collect$$_printf_percent$$00000016)
    _printf_percent_end                      0x080001ed   Thumb Code     0  _printf_percent_end.o(.ARM.Collect$$_printf_percent$$00000017)
    __rt_lib_init                            0x080001f1   Thumb Code     0  libinit.o(.ARM.Collect$$libinit$$00000000)
    __rt_lib_init_fp_1                       0x080001f3   Thumb Code     0  libinit2.o(.ARM.Collect$$libinit$$00000002)
    __rt_lib_init_heap_1                     0x080001f3   Thumb Code     0  libinit2.o(.ARM.Collect$$libinit$$0000000A)
    __rt_lib_init_lc_common                  0x080001f3   Thumb Code     0  libinit2.o(.ARM.Collect$$libinit$$0000000F)
    __rt_lib_init_preinit_1                  0x080001f3   Thumb Code     0  libinit2.o(.ARM.Collect$$libinit$$00000004)
    __rt_lib_init_rand_1                     0x080001f3   Thumb Code     0  libinit2.o(.ARM.Collect$$libinit$$0000000E)
    __rt_lib_init_user_alloc_1               0x080001f3   Thumb Code     0  libinit2.o(.ARM.Collect$$libinit$$0000000C)
    __rt_lib_init_lc_collate_1               0x080001f9   Thumb Code     0  libinit2.o(.ARM.Collect$$libinit$$00000011)
    __rt_lib_init_lc_ctype_2                 0x080001f9   Thumb Code     0  libinit2.o(.ARM.Collect$$libinit$$00000012)
    __rt_lib_init_lc_ctype_1                 0x08000205   Thumb Code     0  libinit2.o(.ARM.Collect$$libinit$$00000013)
    __rt_lib_init_lc_monetary_1              0x08000205   Thumb Code     0  libinit2.o(.ARM.Collect$$libinit$$00000015)
    __rt_lib_init_lc_numeric_2               0x08000205   Thumb Code     0  libinit2.o(.ARM.Collect$$libinit$$00000016)
    __rt_lib_init_alloca_1                   0x0800020f   Thumb Code     0  libinit2.o(.ARM.Collect$$libinit$$0000002E)
    __rt_lib_init_argv_1                     0x0800020f   Thumb Code     0  libinit2.o(.ARM.Collect$$libinit$$0000002C)
    __rt_lib_init_atexit_1                   0x0800020f   Thumb Code     0  libinit2.o(.ARM.Collect$$libinit$$0000001B)
    __rt_lib_init_clock_1                    0x0800020f   Thumb Code     0  libinit2.o(.ARM.Collect$$libinit$$00000021)
    __rt_lib_init_cpp_1                      0x0800020f   Thumb Code     0  libinit2.o(.ARM.Collect$$libinit$$00000032)
    __rt_lib_init_exceptions_1               0x0800020f   Thumb Code     0  libinit2.o(.ARM.Collect$$libinit$$00000030)
    __rt_lib_init_fp_trap_1                  0x0800020f   Thumb Code     0  libinit2.o(.ARM.Collect$$libinit$$0000001F)
    __rt_lib_init_getenv_1                   0x0800020f   Thumb Code     0  libinit2.o(.ARM.Collect$$libinit$$00000023)
    __rt_lib_init_lc_numeric_1               0x0800020f   Thumb Code     0  libinit2.o(.ARM.Collect$$libinit$$00000017)
    __rt_lib_init_lc_time_1                  0x0800020f   Thumb Code     0  libinit2.o(.ARM.Collect$$libinit$$00000019)
    __rt_lib_init_return                     0x0800020f   Thumb Code     0  libinit2.o(.ARM.Collect$$libinit$$00000033)
    __rt_lib_init_signal_1                   0x0800020f   Thumb Code     0  libinit2.o(.ARM.Collect$$libinit$$0000001D)
    __rt_lib_init_stdio_1                    0x0800020f   Thumb Code     0  libinit2.o(.ARM.Collect$$libinit$$00000025)
    __rt_lib_shutdown                        0x08000211   Thumb Code     0  libshutdown.o(.ARM.Collect$$libshutdown$$00000000)
    __rt_lib_shutdown_cpp_1                  0x08000213   Thumb Code     0  libshutdown2.o(.ARM.Collect$$libshutdown$$00000004)
    __rt_lib_shutdown_fini_1                 0x08000213   Thumb Code     0  libshutdown2.o(.ARM.Collect$$libshutdown$$00000002)
    __rt_lib_shutdown_fp_trap_1              0x08000213   Thumb Code     0  libshutdown2.o(.ARM.Collect$$libshutdown$$00000009)
    __rt_lib_shutdown_heap_1                 0x08000213   Thumb Code     0  libshutdown2.o(.ARM.Collect$$libshutdown$$00000011)
    __rt_lib_shutdown_return                 0x08000213   Thumb Code     0  libshutdown2.o(.ARM.Collect$$libshutdown$$00000012)
    __rt_lib_shutdown_signal_1               0x08000213   Thumb Code     0  libshutdown2.o(.ARM.Collect$$libshutdown$$0000000C)
    __rt_lib_shutdown_stdio_1                0x08000213   Thumb Code     0  libshutdown2.o(.ARM.Collect$$libshutdown$$00000006)
    __rt_lib_shutdown_user_alloc_1           0x08000213   Thumb Code     0  libshutdown2.o(.ARM.Collect$$libshutdown$$0000000E)
    __rt_entry                               0x08000215   Thumb Code     0  __rtentry.o(.ARM.Collect$$rtentry$$00000000)
    __rt_entry_presh_1                       0x08000215   Thumb Code     0  __rtentry2.o(.ARM.Collect$$rtentry$$00000002)
    __rt_entry_sh                            0x08000215   Thumb Code     0  __rtentry4.o(.ARM.Collect$$rtentry$$00000004)
    __rt_entry_li                            0x0800021b   Thumb Code     0  __rtentry2.o(.ARM.Collect$$rtentry$$0000000A)
    __rt_entry_postsh_1                      0x0800021b   Thumb Code     0  __rtentry2.o(.ARM.Collect$$rtentry$$00000009)
    __rt_entry_main                          0x0800021f   Thumb Code     0  __rtentry2.o(.ARM.Collect$$rtentry$$0000000D)
    __rt_entry_postli_1                      0x0800021f   Thumb Code     0  __rtentry2.o(.ARM.Collect$$rtentry$$0000000C)
    __rt_exit                                0x08000227   Thumb Code     0  rtexit.o(.ARM.Collect$$rtexit$$00000000)
    __rt_exit_ls                             0x08000229   Thumb Code     0  rtexit2.o(.ARM.Collect$$rtexit$$00000003)
    __rt_exit_prels_1                        0x08000229   Thumb Code     0  rtexit2.o(.ARM.Collect$$rtexit$$00000002)
    __rt_exit_exit                           0x0800022d   Thumb Code     0  rtexit2.o(.ARM.Collect$$rtexit$$00000004)
    main                                     0x08000235   Thumb Code   404  main.o(.text)
    NMI_Handler                              0x08000451   Thumb Code     2  stm32f10x_it.o(.text)
    HardFault_Handler                        0x08000453   Thumb Code     4  stm32f10x_it.o(.text)
    MemManage_Handler                        0x08000457   Thumb Code     4  stm32f10x_it.o(.text)
    BusFault_Handler                         0x0800045b   Thumb Code     4  stm32f10x_it.o(.text)
    UsageFault_Handler                       0x0800045f   Thumb Code     4  stm32f10x_it.o(.text)
    SVC_Handler                              0x08000463   Thumb Code     2  stm32f10x_it.o(.text)
    DebugMon_Handler                         0x08000465   Thumb Code     2  stm32f10x_it.o(.text)
    PendSV_Handler                           0x08000467   Thumb Code     2  stm32f10x_it.o(.text)
    SysTick_Handler                          0x08000469   Thumb Code     2  stm32f10x_it.o(.text)
    SystemInit                               0x0800054b   Thumb Code    78  system_stm32f10x.o(.text)
    SystemCoreClockUpdate                    0x08000599   Thumb Code   142  system_stm32f10x.o(.text)
    SPIx_Config                              0x0800064d   Thumb Code    80  spi2.o(.text)
    SPI2_Send_Byte                           0x0800069d   Thumb Code    50  spi2.o(.text)
    SPI2_Receive_Byte                        0x080006cf   Thumb Code    10  spi2.o(.text)
    delay_init                               0x080006dd   Thumb Code    50  delay.o(.text)
    delay_us                                 0x0800070f   Thumb Code    72  delay.o(.text)
    delay_ms                                 0x08000757   Thumb Code    72  delay.o(.text)
    SPI2_Send_Mul_Byte                       0x080007b1   Thumb Code    66  ads1220.o(.text)
    ADS1220_Reset                            0x080007f3   Thumb Code    18  ads1220.o(.text)
    ADS1220_Start                            0x08000805   Thumb Code    18  ads1220.o(.text)
    ADS1220_Powerdown                        0x08000817   Thumb Code    18  ads1220.o(.text)
    ADS1220_Rdata                            0x08000829   Thumb Code    18  ads1220.o(.text)
    ADS1220_Write_Regs                       0x0800083b   Thumb Code    80  ads1220.o(.text)
    ADS1220_Read_Regs                        0x0800088b   Thumb Code    52  ads1220.o(.text)
    ADS1220_Get_Conversion_Data              0x080008bf   Thumb Code    22  ads1220.o(.text)
    ADS1220_SPI2_Init                        0x080008d5   Thumb Code   154  ads1220.o(.text)
    ADS1220_Setting                          0x0800096f   Thumb Code    80  ads1220.o(.text)
    ADS1220_Get_Voltage_Conversion_Data      0x080009bf   Thumb Code    82  ads1220.o(.text)
    ADS1220_Channel_Read_Data                0x08000a11   Thumb Code   834  ads1220.o(.text)
    DAC8563_Write_Command_Data               0x08000da5   Thumb Code   220  dac8563.o(.text)
    DAC8563_GPIO_Init                        0x08000e81   Thumb Code    38  dac8563.o(.text)
    DAC8563_Init                             0x08000ea7   Thumb Code    64  dac8563.o(.text)
    DAC8563_SetVoltage                       0x08000ee7   Thumb Code   118  dac8563.o(.text)
    _sys_exit                                0x08000f69   Thumb Code     6  usart.o(.text)
    fputc                                    0x08000f6f   Thumb Code    24  usart.o(.text)
    uart_init                                0x08000f87   Thumb Code   158  usart.o(.text)
    Usart_SendByte                           0x08001025   Thumb Code    30  usart.o(.text)
    USART_SendByte                           0x08001043   Thumb Code    28  usart.o(.text)
    Usart_SendNByte                          0x0800105f   Thumb Code    34  usart.o(.text)
    USART1_IRQHandler                        0x08001081   Thumb Code   500  usart.o(.text)
    MYDMA_Enable_esp                         0x080012a9   Thumb Code    32  usart2.o(.text)
    USART2_IRQHandler                        0x08001321   Thumb Code   104  usart2.o(.text)
    UART_DMA_Config_Rx                       0x08001389   Thumb Code    90  usart2.o(.text)
    UART_DMA_Config_Tx                       0x080013e3   Thumb Code    72  usart2.o(.text)
    USART2_Init                              0x0800142b   Thumb Code   218  usart2.o(.text)
    UART_DMA_Enable                          0x08001505   Thumb Code    32  usart2.o(.text)
    u2_printf                                0x08001525   Thumb Code    60  usart2.o(.text)
    DMA2_Channel5_IRQHandler                 0x08001561   Thumb Code    20  usart2.o(.text)
    esp_check_cmd                            0x080015ad   Thumb Code    24  esp8266.o(.text)
    esp_check_cmd2                           0x080015c5   Thumb Code    28  esp8266.o(.text)
    esp_send_cmd_IT                          0x080015e1   Thumb Code    64  esp8266.o(.text)
    mqtt_connect                             0x08001621   Thumb Code   124  esp8266.o(.text)
    Publish_MSG                              0x0800169d   Thumb Code    90  esp8266.o(.text)
    Subscribe_MSG_IT                         0x0800173f   Thumb Code    88  esp8266.o(.text)
    Reset_Handler                            0x08001895   Thumb Code     8  startup_stm32f10x_md.o(.text)
    ADC1_2_IRQHandler                        0x080018af   Thumb Code     0  startup_stm32f10x_md.o(.text)
    CAN1_RX1_IRQHandler                      0x080018af   Thumb Code     0  startup_stm32f10x_md.o(.text)
    CAN1_SCE_IRQHandler                      0x080018af   Thumb Code     0  startup_stm32f10x_md.o(.text)
    DMA1_Channel1_IRQHandler                 0x080018af   Thumb Code     0  startup_stm32f10x_md.o(.text)
    DMA1_Channel2_IRQHandler                 0x080018af   Thumb Code     0  startup_stm32f10x_md.o(.text)
    DMA1_Channel3_IRQHandler                 0x080018af   Thumb Code     0  startup_stm32f10x_md.o(.text)
    DMA1_Channel4_IRQHandler                 0x080018af   Thumb Code     0  startup_stm32f10x_md.o(.text)
    DMA1_Channel5_IRQHandler                 0x080018af   Thumb Code     0  startup_stm32f10x_md.o(.text)
    DMA1_Channel6_IRQHandler                 0x080018af   Thumb Code     0  startup_stm32f10x_md.o(.text)
    DMA1_Channel7_IRQHandler                 0x080018af   Thumb Code     0  startup_stm32f10x_md.o(.text)
    EXTI0_IRQHandler                         0x080018af   Thumb Code     0  startup_stm32f10x_md.o(.text)
    EXTI15_10_IRQHandler                     0x080018af   Thumb Code     0  startup_stm32f10x_md.o(.text)
    EXTI1_IRQHandler                         0x080018af   Thumb Code     0  startup_stm32f10x_md.o(.text)
    EXTI2_IRQHandler                         0x080018af   Thumb Code     0  startup_stm32f10x_md.o(.text)
    EXTI3_IRQHandler                         0x080018af   Thumb Code     0  startup_stm32f10x_md.o(.text)
    EXTI4_IRQHandler                         0x080018af   Thumb Code     0  startup_stm32f10x_md.o(.text)
    EXTI9_5_IRQHandler                       0x080018af   Thumb Code     0  startup_stm32f10x_md.o(.text)
    FLASH_IRQHandler                         0x080018af   Thumb Code     0  startup_stm32f10x_md.o(.text)
    I2C1_ER_IRQHandler                       0x080018af   Thumb Code     0  startup_stm32f10x_md.o(.text)
    I2C1_EV_IRQHandler                       0x080018af   Thumb Code     0  startup_stm32f10x_md.o(.text)
    I2C2_ER_IRQHandler                       0x080018af   Thumb Code     0  startup_stm32f10x_md.o(.text)
    I2C2_EV_IRQHandler                       0x080018af   Thumb Code     0  startup_stm32f10x_md.o(.text)
    PVD_IRQHandler                           0x080018af   Thumb Code     0  startup_stm32f10x_md.o(.text)
    RCC_IRQHandler                           0x080018af   Thumb Code     0  startup_stm32f10x_md.o(.text)
    RTCAlarm_IRQHandler                      0x080018af   Thumb Code     0  startup_stm32f10x_md.o(.text)
    RTC_IRQHandler                           0x080018af   Thumb Code     0  startup_stm32f10x_md.o(.text)
    SPI1_IRQHandler                          0x080018af   Thumb Code     0  startup_stm32f10x_md.o(.text)
    SPI2_IRQHandler                          0x080018af   Thumb Code     0  startup_stm32f10x_md.o(.text)
    TAMPER_IRQHandler                        0x080018af   Thumb Code     0  startup_stm32f10x_md.o(.text)
    TIM1_BRK_IRQHandler                      0x080018af   Thumb Code     0  startup_stm32f10x_md.o(.text)
    TIM1_CC_IRQHandler                       0x080018af   Thumb Code     0  startup_stm32f10x_md.o(.text)
    TIM1_TRG_COM_IRQHandler                  0x080018af   Thumb Code     0  startup_stm32f10x_md.o(.text)
    TIM1_UP_IRQHandler                       0x080018af   Thumb Code     0  startup_stm32f10x_md.o(.text)
    TIM2_IRQHandler                          0x080018af   Thumb Code     0  startup_stm32f10x_md.o(.text)
    TIM3_IRQHandler                          0x080018af   Thumb Code     0  startup_stm32f10x_md.o(.text)
    TIM4_IRQHandler                          0x080018af   Thumb Code     0  startup_stm32f10x_md.o(.text)
    USART3_IRQHandler                        0x080018af   Thumb Code     0  startup_stm32f10x_md.o(.text)
    USBWakeUp_IRQHandler                     0x080018af   Thumb Code     0  startup_stm32f10x_md.o(.text)
    USB_HP_CAN1_TX_IRQHandler                0x080018af   Thumb Code     0  startup_stm32f10x_md.o(.text)
    USB_LP_CAN1_RX0_IRQHandler               0x080018af   Thumb Code     0  startup_stm32f10x_md.o(.text)
    WWDG_IRQHandler                          0x080018af   Thumb Code     0  startup_stm32f10x_md.o(.text)
    __user_initial_stackheap                 0x080018b1   Thumb Code     0  startup_stm32f10x_md.o(.text)
    NVIC_PriorityGroupConfig                 0x080018d5   Thumb Code    10  misc.o(.text)
    NVIC_Init                                0x080018df   Thumb Code   100  misc.o(.text)
    NVIC_SetVectorTable                      0x08001943   Thumb Code    14  misc.o(.text)
    NVIC_SystemLPConfig                      0x08001951   Thumb Code    34  misc.o(.text)
    SysTick_CLKSourceConfig                  0x08001973   Thumb Code    40  misc.o(.text)
    DMA_DeInit                               0x080019b1   Thumb Code   324  stm32f10x_dma.o(.text)
    DMA_Init                                 0x08001af5   Thumb Code    60  stm32f10x_dma.o(.text)
    DMA_StructInit                           0x08001b31   Thumb Code    26  stm32f10x_dma.o(.text)
    DMA_Cmd                                  0x08001b4b   Thumb Code    24  stm32f10x_dma.o(.text)
    DMA_ITConfig                             0x08001b63   Thumb Code    18  stm32f10x_dma.o(.text)
    DMA_SetCurrDataCounter                   0x08001b75   Thumb Code     4  stm32f10x_dma.o(.text)
    DMA_GetCurrDataCounter                   0x08001b79   Thumb Code     8  stm32f10x_dma.o(.text)
    DMA_GetFlagStatus                        0x08001b81   Thumb Code    40  stm32f10x_dma.o(.text)
    DMA_ClearFlag                            0x08001ba9   Thumb Code    22  stm32f10x_dma.o(.text)
    DMA_GetITStatus                          0x08001bbf   Thumb Code    40  stm32f10x_dma.o(.text)
    DMA_ClearITPendingBit                    0x08001be7   Thumb Code    22  stm32f10x_dma.o(.text)
    GPIO_DeInit                              0x08001c05   Thumb Code   172  stm32f10x_gpio.o(.text)
    GPIO_AFIODeInit                          0x08001cb1   Thumb Code    20  stm32f10x_gpio.o(.text)
    GPIO_Init                                0x08001cc5   Thumb Code   278  stm32f10x_gpio.o(.text)
    GPIO_StructInit                          0x08001ddb   Thumb Code    16  stm32f10x_gpio.o(.text)
    GPIO_ReadInputDataBit                    0x08001deb   Thumb Code    18  stm32f10x_gpio.o(.text)
    GPIO_ReadInputData                       0x08001dfd   Thumb Code     8  stm32f10x_gpio.o(.text)
    GPIO_ReadOutputDataBit                   0x08001e05   Thumb Code    18  stm32f10x_gpio.o(.text)
    GPIO_ReadOutputData                      0x08001e17   Thumb Code     8  stm32f10x_gpio.o(.text)
    GPIO_SetBits                             0x08001e1f   Thumb Code     4  stm32f10x_gpio.o(.text)
    GPIO_ResetBits                           0x08001e23   Thumb Code     4  stm32f10x_gpio.o(.text)
    GPIO_WriteBit                            0x08001e27   Thumb Code    10  stm32f10x_gpio.o(.text)
    GPIO_Write                               0x08001e31   Thumb Code     4  stm32f10x_gpio.o(.text)
    GPIO_PinLockConfig                       0x08001e35   Thumb Code    18  stm32f10x_gpio.o(.text)
    GPIO_EventOutputConfig                   0x08001e47   Thumb Code    26  stm32f10x_gpio.o(.text)
    GPIO_EventOutputCmd                      0x08001e61   Thumb Code     6  stm32f10x_gpio.o(.text)
    GPIO_PinRemapConfig                      0x08001e67   Thumb Code   138  stm32f10x_gpio.o(.text)
    GPIO_EXTILineConfig                      0x08001ef1   Thumb Code    66  stm32f10x_gpio.o(.text)
    GPIO_ETH_MediaInterfaceConfig            0x08001f33   Thumb Code     8  stm32f10x_gpio.o(.text)
    USART_DeInit                             0x08001f61   Thumb Code   134  stm32f10x_usart.o(.text)
    USART_Init                               0x08001fe7   Thumb Code   210  stm32f10x_usart.o(.text)
    USART_StructInit                         0x080020b9   Thumb Code    24  stm32f10x_usart.o(.text)
    USART_ClockInit                          0x080020d1   Thumb Code    34  stm32f10x_usart.o(.text)
    USART_ClockStructInit                    0x080020f3   Thumb Code    12  stm32f10x_usart.o(.text)
    USART_Cmd                                0x080020ff   Thumb Code    24  stm32f10x_usart.o(.text)
    USART_ITConfig                           0x08002117   Thumb Code    74  stm32f10x_usart.o(.text)
    USART_DMACmd                             0x08002161   Thumb Code    18  stm32f10x_usart.o(.text)
    USART_SetAddress                         0x08002173   Thumb Code    18  stm32f10x_usart.o(.text)
    USART_WakeUpConfig                       0x08002185   Thumb Code    18  stm32f10x_usart.o(.text)
    USART_ReceiverWakeUpCmd                  0x08002197   Thumb Code    24  stm32f10x_usart.o(.text)
    USART_LINBreakDetectLengthConfig         0x080021af   Thumb Code    18  stm32f10x_usart.o(.text)
    USART_LINCmd                             0x080021c1   Thumb Code    24  stm32f10x_usart.o(.text)
    USART_SendData                           0x080021d9   Thumb Code     8  stm32f10x_usart.o(.text)
    USART_ReceiveData                        0x080021e1   Thumb Code    10  stm32f10x_usart.o(.text)
    USART_SendBreak                          0x080021eb   Thumb Code    10  stm32f10x_usart.o(.text)
    USART_SetGuardTime                       0x080021f5   Thumb Code    16  stm32f10x_usart.o(.text)
    USART_SetPrescaler                       0x08002205   Thumb Code    16  stm32f10x_usart.o(.text)
    USART_SmartCardCmd                       0x08002215   Thumb Code    24  stm32f10x_usart.o(.text)
    USART_SmartCardNACKCmd                   0x0800222d   Thumb Code    24  stm32f10x_usart.o(.text)
    USART_HalfDuplexCmd                      0x08002245   Thumb Code    24  stm32f10x_usart.o(.text)
    USART_OverSampling8Cmd                   0x0800225d   Thumb Code    22  stm32f10x_usart.o(.text)
    USART_OneBitMethodCmd                    0x08002273   Thumb Code    24  stm32f10x_usart.o(.text)
    USART_IrDAConfig                         0x0800228b   Thumb Code    18  stm32f10x_usart.o(.text)
    USART_IrDACmd                            0x0800229d   Thumb Code    24  stm32f10x_usart.o(.text)
    USART_GetFlagStatus                      0x080022b5   Thumb Code    26  stm32f10x_usart.o(.text)
    USART_ClearFlag                          0x080022cf   Thumb Code    18  stm32f10x_usart.o(.text)
    USART_GetITStatus                        0x080022e1   Thumb Code    84  stm32f10x_usart.o(.text)
    USART_ClearITPendingBit                  0x08002335   Thumb Code    52  stm32f10x_usart.o(.text)
    RCC_DeInit                               0x08002369   Thumb Code    64  stm32f10x_rcc.o(.text)
    RCC_HSEConfig                            0x080023a9   Thumb Code    70  stm32f10x_rcc.o(.text)
    RCC_GetFlagStatus                        0x080023ef   Thumb Code    56  stm32f10x_rcc.o(.text)
    RCC_WaitForHSEStartUp                    0x08002427   Thumb Code    56  stm32f10x_rcc.o(.text)
    RCC_AdjustHSICalibrationValue            0x0800245f   Thumb Code    20  stm32f10x_rcc.o(.text)
    RCC_HSICmd                               0x08002473   Thumb Code     6  stm32f10x_rcc.o(.text)
    RCC_PLLConfig                            0x08002479   Thumb Code    24  stm32f10x_rcc.o(.text)
    RCC_PLLCmd                               0x08002491   Thumb Code     6  stm32f10x_rcc.o(.text)
    RCC_SYSCLKConfig                         0x08002497   Thumb Code    18  stm32f10x_rcc.o(.text)
    RCC_GetSYSCLKSource                      0x080024a9   Thumb Code    10  stm32f10x_rcc.o(.text)
    RCC_HCLKConfig                           0x080024b3   Thumb Code    18  stm32f10x_rcc.o(.text)
    RCC_PCLK1Config                          0x080024c5   Thumb Code    18  stm32f10x_rcc.o(.text)
    RCC_PCLK2Config                          0x080024d7   Thumb Code    20  stm32f10x_rcc.o(.text)
    RCC_ITConfig                             0x080024eb   Thumb Code    26  stm32f10x_rcc.o(.text)
    RCC_USBCLKConfig                         0x08002505   Thumb Code     8  stm32f10x_rcc.o(.text)
    RCC_ADCCLKConfig                         0x0800250d   Thumb Code    18  stm32f10x_rcc.o(.text)
    RCC_LSEConfig                            0x0800251f   Thumb Code    50  stm32f10x_rcc.o(.text)
    RCC_LSICmd                               0x08002551   Thumb Code     6  stm32f10x_rcc.o(.text)
    RCC_RTCCLKConfig                         0x08002557   Thumb Code    12  stm32f10x_rcc.o(.text)
    RCC_RTCCLKCmd                            0x08002563   Thumb Code     8  stm32f10x_rcc.o(.text)
    RCC_GetClocksFreq                        0x0800256b   Thumb Code   192  stm32f10x_rcc.o(.text)
    RCC_AHBPeriphClockCmd                    0x0800262b   Thumb Code    26  stm32f10x_rcc.o(.text)
    RCC_APB2PeriphClockCmd                   0x08002645   Thumb Code    26  stm32f10x_rcc.o(.text)
    RCC_APB1PeriphClockCmd                   0x0800265f   Thumb Code    26  stm32f10x_rcc.o(.text)
    RCC_APB2PeriphResetCmd                   0x08002679   Thumb Code    26  stm32f10x_rcc.o(.text)
    RCC_APB1PeriphResetCmd                   0x08002693   Thumb Code    26  stm32f10x_rcc.o(.text)
    RCC_BackupResetCmd                       0x080026ad   Thumb Code     8  stm32f10x_rcc.o(.text)
    RCC_ClockSecuritySystemCmd               0x080026b5   Thumb Code     6  stm32f10x_rcc.o(.text)
    RCC_MCOConfig                            0x080026bb   Thumb Code     6  stm32f10x_rcc.o(.text)
    RCC_ClearFlag                            0x080026c1   Thumb Code    14  stm32f10x_rcc.o(.text)
    RCC_GetITStatus                          0x080026cf   Thumb Code    20  stm32f10x_rcc.o(.text)
    RCC_ClearITPendingBit                    0x080026e3   Thumb Code     6  stm32f10x_rcc.o(.text)
    SPI_I2S_DeInit                           0x0800270d   Thumb Code    76  stm32f10x_spi.o(.text)
    SPI_Init                                 0x08002759   Thumb Code    60  stm32f10x_spi.o(.text)
    I2S_Init                                 0x08002795   Thumb Code   226  stm32f10x_spi.o(.text)
    SPI_StructInit                           0x08002877   Thumb Code    24  stm32f10x_spi.o(.text)
    I2S_StructInit                           0x0800288f   Thumb Code    20  stm32f10x_spi.o(.text)
    SPI_Cmd                                  0x080028a3   Thumb Code    24  stm32f10x_spi.o(.text)
    I2S_Cmd                                  0x080028bb   Thumb Code    24  stm32f10x_spi.o(.text)
    SPI_I2S_ITConfig                         0x080028d3   Thumb Code    32  stm32f10x_spi.o(.text)
    SPI_I2S_DMACmd                           0x080028f3   Thumb Code    18  stm32f10x_spi.o(.text)
    SPI_I2S_SendData                         0x08002905   Thumb Code     4  stm32f10x_spi.o(.text)
    SPI_I2S_ReceiveData                      0x08002909   Thumb Code     6  stm32f10x_spi.o(.text)
    SPI_NSSInternalSoftwareConfig            0x0800290f   Thumb Code    30  stm32f10x_spi.o(.text)
    SPI_SSOutputCmd                          0x0800292d   Thumb Code    24  stm32f10x_spi.o(.text)
    SPI_DataSizeConfig                       0x08002945   Thumb Code    18  stm32f10x_spi.o(.text)
    SPI_TransmitCRC                          0x08002957   Thumb Code    10  stm32f10x_spi.o(.text)
    SPI_CalculateCRC                         0x08002961   Thumb Code    24  stm32f10x_spi.o(.text)
    SPI_GetCRC                               0x08002979   Thumb Code    16  stm32f10x_spi.o(.text)
    SPI_GetCRCPolynomial                     0x08002989   Thumb Code     6  stm32f10x_spi.o(.text)
    SPI_BiDirectionalLineConfig              0x0800298f   Thumb Code    28  stm32f10x_spi.o(.text)
    SPI_I2S_GetFlagStatus                    0x080029ab   Thumb Code    18  stm32f10x_spi.o(.text)
    SPI_I2S_ClearFlag                        0x080029bd   Thumb Code     6  stm32f10x_spi.o(.text)
    SPI_I2S_GetITStatus                      0x080029c3   Thumb Code    52  stm32f10x_spi.o(.text)
    SPI_I2S_ClearITPendingBit                0x080029f7   Thumb Code    20  stm32f10x_spi.o(.text)
    __use_no_semihosting                     0x08002a19   Thumb Code     2  use_no_semi_2.o(.text)
    __c89vsprintf                            0x08002a1d   Thumb Code    32  c89vsprintf.o(.text)
    __2printf                                0x08002a41   Thumb Code    20  __2printf.o(.text)
    __2sprintf                               0x08002a59   Thumb Code    38  __2sprintf.o(.text)
    _printf_pre_padding                      0x08002a85   Thumb Code    44  _printf_pad.o(.text)
    _printf_post_padding                     0x08002ab1   Thumb Code    34  _printf_pad.o(.text)
    _printf_str                              0x08002ad3   Thumb Code    82  _printf_str.o(.text)
    _printf_int_dec                          0x08002b25   Thumb Code   104  _printf_dec.o(.text)
    __printf                                 0x08002b9d   Thumb Code   388  __printf_flags_ss_wp.o(.text)
    strstr                                   0x08002d25   Thumb Code    36  strstr.o(.text)
    strlen                                   0x08002d49   Thumb Code    62  strlen.o(.text)
    __aeabi_memcpy4                          0x08002d87   Thumb Code     0  rt_memcpy_w.o(.text)
    __aeabi_memcpy8                          0x08002d87   Thumb Code     0  rt_memcpy_w.o(.text)
    __rt_memcpy_w                            0x08002d87   Thumb Code   100  rt_memcpy_w.o(.text)
    _memcpy_lastbytes_aligned                0x08002dcf   Thumb Code     0  rt_memcpy_w.o(.text)
    __aeabi_memclr4                          0x08002deb   Thumb Code     0  rt_memclr_w.o(.text)
    __aeabi_memclr8                          0x08002deb   Thumb Code     0  rt_memclr_w.o(.text)
    __rt_memclr_w                            0x08002deb   Thumb Code    78  rt_memclr_w.o(.text)
    _memset_w                                0x08002def   Thumb Code     0  rt_memclr_w.o(.text)
    __use_two_region_memory                  0x08002e39   Thumb Code     2  heapauxi.o(.text)
    __rt_heap_escrow$2region                 0x08002e3b   Thumb Code     2  heapauxi.o(.text)
    __rt_heap_expand$2region                 0x08002e3d   Thumb Code     2  heapauxi.o(.text)
    __I$use$semihosting                      0x08002e3f   Thumb Code     0  use_no_semi.o(.text)
    __use_no_semihosting_swi                 0x08002e3f   Thumb Code     2  use_no_semi.o(.text)
    _printf_truncate_signed                  0x08002e41   Thumb Code    18  _printf_truncate.o(.text)
    _printf_truncate_unsigned                0x08002e53   Thumb Code    18  _printf_truncate.o(.text)
    _printf_int_common                       0x08002e65   Thumb Code   178  _printf_intcommon.o(.text)
    _printf_charcount                        0x08002f17   Thumb Code    40  _printf_charcount.o(.text)
    _printf_char_common                      0x08002f4b   Thumb Code    32  _printf_char_common.o(.text)
    _sputc                                   0x08002f71   Thumb Code    10  _sputc.o(.text)
    _printf_cs_common                        0x08002f7b   Thumb Code    20  _printf_char.o(.text)
    _printf_char                             0x08002f8f   Thumb Code    16  _printf_char.o(.text)
    _printf_string                           0x08002f9f   Thumb Code     8  _printf_char.o(.text)
    _printf_char_file                        0x08002fa9   Thumb Code    32  _printf_char_file.o(.text)
    _printf_wctomb                           0x08002fcd   Thumb Code   182  _printf_wctomb.o(.text)
    _printf_longlong_dec                     0x08003089   Thumb Code   108  _printf_longlong_dec.o(.text)
    _printf_longlong_oct                     0x08003105   Thumb Code    66  _printf_oct_int_ll.o(.text)
    _printf_int_oct                          0x08003147   Thumb Code    24  _printf_oct_int_ll.o(.text)
    _printf_ll_oct                           0x0800315f   Thumb Code    12  _printf_oct_int_ll.o(.text)
    _printf_longlong_hex                     0x08003175   Thumb Code    86  _printf_hex_int_ll_ptr.o(.text)
    _printf_int_hex                          0x080031cb   Thumb Code    28  _printf_hex_int_ll_ptr.o(.text)
    _printf_ll_hex                           0x080031e7   Thumb Code    12  _printf_hex_int_ll_ptr.o(.text)
    _printf_hex_ptr                          0x080031f3   Thumb Code    18  _printf_hex_int_ll_ptr.o(.text)
    _ll_udiv10                               0x08003209   Thumb Code   138  lludiv10.o(.text)
    __lib_sel_fp_printf                      0x08003293   Thumb Code     2  _printf_fp_dec.o(.text)
    _printf_fp_dec_real                      0x08003445   Thumb Code   620  _printf_fp_dec.o(.text)
    _printf_lcs_common                       0x080036b1   Thumb Code    20  _printf_wchar.o(.text)
    _printf_wchar                            0x080036c5   Thumb Code    16  _printf_wchar.o(.text)
    _printf_wstring                          0x080036d5   Thumb Code     8  _printf_wchar.o(.text)
    ferror                                   0x080036dd   Thumb Code     8  ferror.o(.text)
    _wcrtomb                                 0x080036e5   Thumb Code    64  _wcrtomb.o(.text)
    __user_setup_stackheap                   0x08003725   Thumb Code    74  sys_stackheap_outer.o(.text)
    __rt_ctype_table                         0x08003771   Thumb Code    16  rt_ctype_table.o(.text)
    __rt_locale                              0x08003781   Thumb Code     8  rt_locale_intlibspace.o(.text)
    _printf_fp_infnan                        0x08003789   Thumb Code   112  _printf_fp_infnan.o(.text)
    _btod_etento                             0x08003809   Thumb Code   224  bigflt0.o(.text)
    exit                                     0x080038ed   Thumb Code    18  exit.o(.text)
    __user_libspace                          0x08003901   Thumb Code     8  libspace.o(.text)
    __user_perproc_libspace                  0x08003901   Thumb Code     0  libspace.o(.text)
    __user_perthread_libspace                0x08003901   Thumb Code     0  libspace.o(.text)
    strcmp                                   0x08003909   Thumb Code   128  strcmpv7m.o(.text)
    _btod_d2e                                0x08003989   Thumb Code    62  btod.o(CL$$btod_d2e)
    _d2e_denorm_low                          0x080039c7   Thumb Code    70  btod.o(CL$$btod_d2e_denorm_low)
    _d2e_norm_op1                            0x08003a0d   Thumb Code    96  btod.o(CL$$btod_d2e_norm_op1)
    __btod_div_common                        0x08003a6d   Thumb Code   696  btod.o(CL$$btod_div_common)
    _e2e                                     0x08003da5   Thumb Code   220  btod.o(CL$$btod_e2e)
    _btod_ediv                               0x08003e81   Thumb Code    42  btod.o(CL$$btod_ediv)
    _btod_emul                               0x08003eab   Thumb Code    42  btod.o(CL$$btod_emul)
    __btod_mult_common                       0x08003ed5   Thumb Code   580  btod.o(CL$$btod_mult_common)
    __ARM_fpclassify                         0x08004119   Thumb Code    40  fpclassify.o(i.__ARM_fpclassify)
    _is_digit                                0x08004141   Thumb Code    14  __printf_wp.o(i._is_digit)
    _get_lc_numeric                          0x08004151   Thumb Code    44  lc_numeric_c.o(locale$$code)
    _get_lc_ctype                            0x0800417d   Thumb Code    44  lc_ctype_c.o(locale$$code)
    __aeabi_d2f                              0x080041a9   Thumb Code     0  d2f.o(x$fpl$d2f)
    _d2f                                     0x080041a9   Thumb Code    98  d2f.o(x$fpl$d2f)
    __aeabi_dadd                             0x0800420d   Thumb Code     0  daddsub_clz.o(x$fpl$dadd)
    _dadd                                    0x0800420d   Thumb Code   332  daddsub_clz.o(x$fpl$dadd)
    __aeabi_ddiv                             0x0800435d   Thumb Code     0  ddiv.o(x$fpl$ddiv)
    _ddiv                                    0x0800435d   Thumb Code   552  ddiv.o(x$fpl$ddiv)
    __aeabi_d2uiz                            0x0800460d   Thumb Code     0  dfixu.o(x$fpl$dfixu)
    _dfixu                                   0x0800460d   Thumb Code    90  dfixu.o(x$fpl$dfixu)
    __aeabi_i2d                              0x08004667   Thumb Code     0  dflt_clz.o(x$fpl$dflt)
    _dflt                                    0x08004667   Thumb Code    46  dflt_clz.o(x$fpl$dflt)
    __aeabi_ui2d                             0x08004695   Thumb Code     0  dflt_clz.o(x$fpl$dfltu)
    _dfltu                                   0x08004695   Thumb Code    38  dflt_clz.o(x$fpl$dfltu)
    __aeabi_dmul                             0x080046bd   Thumb Code     0  dmul.o(x$fpl$dmul)
    _dmul                                    0x080046bd   Thumb Code   332  dmul.o(x$fpl$dmul)
    __fpl_dnaninf                            0x08004811   Thumb Code   156  dnaninf.o(x$fpl$dnaninf)
    __fpl_dretinf                            0x080048ad   Thumb Code    12  dretinf.o(x$fpl$dretinf)
    __aeabi_drsub                            0x080048b9   Thumb Code     0  daddsub_clz.o(x$fpl$drsb)
    _drsb                                    0x080048b9   Thumb Code    22  daddsub_clz.o(x$fpl$drsb)
    __aeabi_dsub                             0x080048d1   Thumb Code     0  daddsub_clz.o(x$fpl$dsub)
    _dsub                                    0x080048d1   Thumb Code   464  daddsub_clz.o(x$fpl$dsub)
    __aeabi_f2d                              0x08004aa5   Thumb Code     0  f2d.o(x$fpl$f2d)
    _f2d                                     0x08004aa5   Thumb Code    86  f2d.o(x$fpl$f2d)
    __fpl_fcmp_Inf                           0x08004afb   Thumb Code    24  fcmpi.o(x$fpl$fcmpinf)
    __aeabi_fdiv                             0x08004b15   Thumb Code     0  fdiv.o(x$fpl$fdiv)
    _fdiv                                    0x08004b15   Thumb Code   384  fdiv.o(x$fpl$fdiv)
    __aeabi_f2iz                             0x08004c99   Thumb Code     0  ffix.o(x$fpl$ffix)
    _ffix                                    0x08004c99   Thumb Code    54  ffix.o(x$fpl$ffix)
    __aeabi_cfcmple                          0x08004cd1   Thumb Code     0  fleqf.o(x$fpl$fleqf)
    _fcmple                                  0x08004cd1   Thumb Code   104  fleqf.o(x$fpl$fleqf)
    __fpl_fcmple_InfNaN                      0x08004d23   Thumb Code     0  fleqf.o(x$fpl$fleqf)
    __fpl_fnaninf                            0x08004d39   Thumb Code   140  fnaninf.o(x$fpl$fnaninf)
    __fpl_fretinf                            0x08004dc5   Thumb Code    10  fretinf.o(x$fpl$fretinf)
    __aeabi_cfrcmple                         0x08004dcf   Thumb Code     0  frleqf.o(x$fpl$frleqf)
    _frcmple                                 0x08004dcf   Thumb Code    98  frleqf.o(x$fpl$frleqf)
    _printf_fp_dec                           0x08004e31   Thumb Code     4  printf1.o(x$fpl$printf1)
    __I$use$fp                               0x08004e34   Number         0  usenofp.o(x$fpl$usenofp)
    Region$$Table$$Base                      0x08004f0c   Number         0  anon$$obj.o(Region$$Table)
    Region$$Table$$Limit                     0x08004f2c   Number         0  anon$$obj.o(Region$$Table)
    __ctype                                  0x08004f55   Data           0  lc_ctype_c.o(locale$$data)
    status                                   0x20000000   Data           1  main.o(.data)
    order                                    0x20000001   Data           1  main.o(.data)
    i                                        0x20000002   Data           1  main.o(.data)
    CtrNumberForUart                         0x20000004   Data           2  main.o(.data)
    DACInData                                0x20000006   Data           2  main.o(.data)
    dataptr2                                 0x20000008   Data           2  main.o(.data)
    SystemCoreClock                          0x2000000c   Data           4  system_stm32f10x.o(.data)
    AHBPrescTable                            0x20000010   Data          16  system_stm32f10x.o(.data)
    ads1220_Temporary_voltage_value_sum      0x20000028   Data           4  ads1220.o(.data)
    ads1220_sw_count                         0x2000002c   Data           1  ads1220.o(.data)
    ads1220_cur_ch                           0x2000002d   Data           1  ads1220.o(.data)
    ads1220_ch1_voltage_value                0x20000030   Data           4  ads1220.o(.data)
    ads1220_ch2_voltage_value                0x20000034   Data           4  ads1220.o(.data)
    Vref                                     0x20000038   Data           8  ads1220.o(.data)
    __stdout                                 0x20000040   Data           4  usart.o(.data)
    CtrCode                                  0x20000044   Data           1  usart.o(.data)
    CtrNumber                                0x20000046   Data           2  usart.o(.data)
    RecData                                  0x20000048   Data           6  usart.o(.data)
    ORENum                                   0x2000004e   Data           2  usart.o(.data)
    connect_flag                             0x20000050   Data           1  usart.o(.data)
    wifi_connect_flag                        0x20000051   Data           1  usart.o(.data)
    wifi_disconnect_flag                     0x20000052   Data           1  usart.o(.data)
    DutyCycle                                0x20000054   Data           4  usart.o(.data)
    Frequency                                0x20000058   Data           4  usart.o(.data)
    rec_by                                   0x2000005c   Data           1  usart2.o(.data)
    USART2_RX_STA                            0x2000005e   Data           2  usart2.o(.data)
    isok                                     0x20000062   Data           1  esp8266.o(.data)
    pub_flag                                 0x20000063   Data           1  esp8266.o(.data)
    cnt                                      0x20000064   Data           1  esp8266.o(.data)
    dataptr                                  0x20000066   Data           2  esp8266.o(.data)
    sdata                                    0x2000007c   Data          40  usart.o(.bss)
    USART2_TX_BUF                            0x200000a8   Data        1024  usart2.o(.bss)
    USART2_RX_BUF                            0x200004a8   Data         512  usart2.o(.bss)
    USART2_RX_BUF_1                          0x200006a8   Data         512  usart2.o(.bss)
    USART2_RX_BUF_2                          0x200008a8   Data         512  usart2.o(.bss)
    DMA_InitStructure_esp                    0x20000aa8   Data          44  usart2.o(.bss)
    DATA_BUF                                 0x20000ad4   Data        8192  esp8266.o(.bss)
    __libspace_start                         0x20002ad4   Data          96  libspace.o(.bss)
    __temporary_stack_top$libspace           0x20002b34   Data           0  libspace.o(.bss)



==============================================================================

Memory Map of the image

  Image Entry point : 0x080000ed

  Load Region LR_IROM1 (Base: 0x08000000, Size: 0x000050d4, Max: 0x00010000, ABSOLUTE)

    Execution Region ER_IROM1 (Exec base: 0x08000000, Load base: 0x08000000, Size: 0x00005058, Max: 0x00010000, ABSOLUTE)

    Exec Addr    Load Addr    Size         Type   Attr      Idx    E Section Name        Object

    0x08000000   0x08000000   0x000000ec   Data   RO          400    RESET               startup_stm32f10x_md.o
    0x080000ec   0x080000ec   0x00000008   Code   RO          558  * !!!main             c_w.l(__main.o)
    0x080000f4   0x080000f4   0x00000034   Code   RO          893    !!!scatter          c_w.l(__scatter.o)
    0x08000128   0x08000128   0x0000001a   Code   RO          895    !!handler_copy      c_w.l(__scatter_copy.o)
    0x08000142   0x08000142   0x00000002   PAD
    0x08000144   0x08000144   0x0000001c   Code   RO          897    !!handler_zi        c_w.l(__scatter_zi.o)
    0x08000160   0x08000160   0x00000000   Code   RO          547    .ARM.Collect$$_printf_percent$$00000000  c_w.l(_printf_percent.o)
    0x08000160   0x08000160   0x00000006   Code   RO          646    .ARM.Collect$$_printf_percent$$00000001  c_w.l(_printf_n.o)
    0x08000166   0x08000166   0x00000006   Code   RO          648    .ARM.Collect$$_printf_percent$$00000002  c_w.l(_printf_p.o)
    0x0800016c   0x0800016c   0x00000006   Code   RO          652    .ARM.Collect$$_printf_percent$$00000003  c_w.l(_printf_f.o)
    0x08000172   0x08000172   0x00000006   Code   RO          653    .ARM.Collect$$_printf_percent$$00000004  c_w.l(_printf_e.o)
    0x08000178   0x08000178   0x00000006   Code   RO          654    .ARM.Collect$$_printf_percent$$00000005  c_w.l(_printf_g.o)
    0x0800017e   0x0800017e   0x00000006   Code   RO          655    .ARM.Collect$$_printf_percent$$00000006  c_w.l(_printf_a.o)
    0x08000184   0x08000184   0x0000000a   Code   RO          660    .ARM.Collect$$_printf_percent$$00000007  c_w.l(_printf_ll.o)
    0x0800018e   0x0800018e   0x00000006   Code   RO          650    .ARM.Collect$$_printf_percent$$00000008  c_w.l(_printf_i.o)
    0x08000194   0x08000194   0x00000006   Code   RO          546    .ARM.Collect$$_printf_percent$$00000009  c_w.l(_printf_d.o)
    0x0800019a   0x0800019a   0x00000006   Code   RO          651    .ARM.Collect$$_printf_percent$$0000000A  c_w.l(_printf_u.o)
    0x080001a0   0x080001a0   0x00000006   Code   RO          649    .ARM.Collect$$_printf_percent$$0000000B  c_w.l(_printf_o.o)
    0x080001a6   0x080001a6   0x00000006   Code   RO          647    .ARM.Collect$$_printf_percent$$0000000C  c_w.l(_printf_x.o)
    0x080001ac   0x080001ac   0x00000006   Code   RO          657    .ARM.Collect$$_printf_percent$$0000000D  c_w.l(_printf_lli.o)
    0x080001b2   0x080001b2   0x00000006   Code   RO          658    .ARM.Collect$$_printf_percent$$0000000E  c_w.l(_printf_lld.o)
    0x080001b8   0x080001b8   0x00000006   Code   RO          659    .ARM.Collect$$_printf_percent$$0000000F  c_w.l(_printf_llu.o)
    0x080001be   0x080001be   0x00000006   Code   RO          664    .ARM.Collect$$_printf_percent$$00000010  c_w.l(_printf_llo.o)
    0x080001c4   0x080001c4   0x00000006   Code   RO          665    .ARM.Collect$$_printf_percent$$00000011  c_w.l(_printf_llx.o)
    0x080001ca   0x080001ca   0x0000000a   Code   RO          661    .ARM.Collect$$_printf_percent$$00000012  c_w.l(_printf_l.o)
    0x080001d4   0x080001d4   0x00000006   Code   RO          645    .ARM.Collect$$_printf_percent$$00000013  c_w.l(_printf_c.o)
    0x080001da   0x080001da   0x00000006   Code   RO          545    .ARM.Collect$$_printf_percent$$00000014  c_w.l(_printf_s.o)
    0x080001e0   0x080001e0   0x00000006   Code   RO          662    .ARM.Collect$$_printf_percent$$00000015  c_w.l(_printf_lc.o)
    0x080001e6   0x080001e6   0x00000006   Code   RO          663    .ARM.Collect$$_printf_percent$$00000016  c_w.l(_printf_ls.o)
    0x080001ec   0x080001ec   0x00000004   Code   RO          656    .ARM.Collect$$_printf_percent$$00000017  c_w.l(_printf_percent_end.o)
    0x080001f0   0x080001f0   0x00000002   Code   RO          756    .ARM.Collect$$libinit$$00000000  c_w.l(libinit.o)
    0x080001f2   0x080001f2   0x00000000   Code   RO          772    .ARM.Collect$$libinit$$00000002  c_w.l(libinit2.o)
    0x080001f2   0x080001f2   0x00000000   Code   RO          774    .ARM.Collect$$libinit$$00000004  c_w.l(libinit2.o)
    0x080001f2   0x080001f2   0x00000000   Code   RO          777    .ARM.Collect$$libinit$$0000000A  c_w.l(libinit2.o)
    0x080001f2   0x080001f2   0x00000000   Code   RO          779    .ARM.Collect$$libinit$$0000000C  c_w.l(libinit2.o)
    0x080001f2   0x080001f2   0x00000000   Code   RO          781    .ARM.Collect$$libinit$$0000000E  c_w.l(libinit2.o)
    0x080001f2   0x080001f2   0x00000006   Code   RO          782    .ARM.Collect$$libinit$$0000000F  c_w.l(libinit2.o)
    0x080001f8   0x080001f8   0x00000000   Code   RO          784    .ARM.Collect$$libinit$$00000011  c_w.l(libinit2.o)
    0x080001f8   0x080001f8   0x0000000c   Code   RO          785    .ARM.Collect$$libinit$$00000012  c_w.l(libinit2.o)
    0x08000204   0x08000204   0x00000000   Code   RO          786    .ARM.Collect$$libinit$$00000013  c_w.l(libinit2.o)
    0x08000204   0x08000204   0x00000000   Code   RO          788    .ARM.Collect$$libinit$$00000015  c_w.l(libinit2.o)
    0x08000204   0x08000204   0x0000000a   Code   RO          789    .ARM.Collect$$libinit$$00000016  c_w.l(libinit2.o)
    0x0800020e   0x0800020e   0x00000000   Code   RO          790    .ARM.Collect$$libinit$$00000017  c_w.l(libinit2.o)
    0x0800020e   0x0800020e   0x00000000   Code   RO          792    .ARM.Collect$$libinit$$00000019  c_w.l(libinit2.o)
    0x0800020e   0x0800020e   0x00000000   Code   RO          794    .ARM.Collect$$libinit$$0000001B  c_w.l(libinit2.o)
    0x0800020e   0x0800020e   0x00000000   Code   RO          796    .ARM.Collect$$libinit$$0000001D  c_w.l(libinit2.o)
    0x0800020e   0x0800020e   0x00000000   Code   RO          798    .ARM.Collect$$libinit$$0000001F  c_w.l(libinit2.o)
    0x0800020e   0x0800020e   0x00000000   Code   RO          800    .ARM.Collect$$libinit$$00000021  c_w.l(libinit2.o)
    0x0800020e   0x0800020e   0x00000000   Code   RO          802    .ARM.Collect$$libinit$$00000023  c_w.l(libinit2.o)
    0x0800020e   0x0800020e   0x00000000   Code   RO          804    .ARM.Collect$$libinit$$00000025  c_w.l(libinit2.o)
    0x0800020e   0x0800020e   0x00000000   Code   RO          808    .ARM.Collect$$libinit$$0000002C  c_w.l(libinit2.o)
    0x0800020e   0x0800020e   0x00000000   Code   RO          810    .ARM.Collect$$libinit$$0000002E  c_w.l(libinit2.o)
    0x0800020e   0x0800020e   0x00000000   Code   RO          812    .ARM.Collect$$libinit$$00000030  c_w.l(libinit2.o)
    0x0800020e   0x0800020e   0x00000000   Code   RO          814    .ARM.Collect$$libinit$$00000032  c_w.l(libinit2.o)
    0x0800020e   0x0800020e   0x00000002   Code   RO          815    .ARM.Collect$$libinit$$00000033  c_w.l(libinit2.o)
    0x08000210   0x08000210   0x00000002   Code   RO          833    .ARM.Collect$$libshutdown$$00000000  c_w.l(libshutdown.o)
    0x08000212   0x08000212   0x00000000   Code   RO          843    .ARM.Collect$$libshutdown$$00000002  c_w.l(libshutdown2.o)
    0x08000212   0x08000212   0x00000000   Code   RO          845    .ARM.Collect$$libshutdown$$00000004  c_w.l(libshutdown2.o)
    0x08000212   0x08000212   0x00000000   Code   RO          847    .ARM.Collect$$libshutdown$$00000006  c_w.l(libshutdown2.o)
    0x08000212   0x08000212   0x00000000   Code   RO          850    .ARM.Collect$$libshutdown$$00000009  c_w.l(libshutdown2.o)
    0x08000212   0x08000212   0x00000000   Code   RO          853    .ARM.Collect$$libshutdown$$0000000C  c_w.l(libshutdown2.o)
    0x08000212   0x08000212   0x00000000   Code   RO          855    .ARM.Collect$$libshutdown$$0000000E  c_w.l(libshutdown2.o)
    0x08000212   0x08000212   0x00000000   Code   RO          858    .ARM.Collect$$libshutdown$$00000011  c_w.l(libshutdown2.o)
    0x08000212   0x08000212   0x00000002   Code   RO          859    .ARM.Collect$$libshutdown$$00000012  c_w.l(libshutdown2.o)
    0x08000214   0x08000214   0x00000000   Code   RO          598    .ARM.Collect$$rtentry$$00000000  c_w.l(__rtentry.o)
    0x08000214   0x08000214   0x00000000   Code   RO          680    .ARM.Collect$$rtentry$$00000002  c_w.l(__rtentry2.o)
    0x08000214   0x08000214   0x00000006   Code   RO          692    .ARM.Collect$$rtentry$$00000004  c_w.l(__rtentry4.o)
    0x0800021a   0x0800021a   0x00000000   Code   RO          682    .ARM.Collect$$rtentry$$00000009  c_w.l(__rtentry2.o)
    0x0800021a   0x0800021a   0x00000004   Code   RO          683    .ARM.Collect$$rtentry$$0000000A  c_w.l(__rtentry2.o)
    0x0800021e   0x0800021e   0x00000000   Code   RO          685    .ARM.Collect$$rtentry$$0000000C  c_w.l(__rtentry2.o)
    0x0800021e   0x0800021e   0x00000008   Code   RO          686    .ARM.Collect$$rtentry$$0000000D  c_w.l(__rtentry2.o)
    0x08000226   0x08000226   0x00000002   Code   RO          764    .ARM.Collect$$rtexit$$00000000  c_w.l(rtexit.o)
    0x08000228   0x08000228   0x00000000   Code   RO          817    .ARM.Collect$$rtexit$$00000002  c_w.l(rtexit2.o)
    0x08000228   0x08000228   0x00000004   Code   RO          818    .ARM.Collect$$rtexit$$00000003  c_w.l(rtexit2.o)
    0x0800022c   0x0800022c   0x00000006   Code   RO          819    .ARM.Collect$$rtexit$$00000004  c_w.l(rtexit2.o)
    0x08000232   0x08000232   0x00000002   PAD
    0x08000234   0x08000234   0x0000021c   Code   RO            1    .text               main.o
    0x08000450   0x08000450   0x0000001a   Code   RO          160    .text               stm32f10x_it.o
    0x0800046a   0x0800046a   0x00000002   PAD
    0x0800046c   0x0800046c   0x000001e0   Code   RO          201    .text               system_stm32f10x.o
    0x0800064c   0x0800064c   0x00000090   Code   RO          247    .text               spi2.o
    0x080006dc   0x080006dc   0x000000d4   Code   RO          259    .text               delay.o
    0x080007b0   0x080007b0   0x000005f4   Code   RO          290    .text               ads1220.o
    0x08000da4   0x08000da4   0x000001c4   Code   RO          307    .text               dac8563.o
    0x08000f68   0x08000f68   0x00000340   Code   RO          319    .text               usart.o
    0x080012a8   0x080012a8   0x00000304   Code   RO          340    .text               usart2.o
    0x080015ac   0x080015ac   0x000002e8   Code   RO          367    .text               esp8266.o
    0x08001894   0x08001894   0x00000040   Code   RO          401    .text               startup_stm32f10x_md.o
    0x080018d4   0x080018d4   0x000000dc   Code   RO          405    .text               misc.o
    0x080019b0   0x080019b0   0x00000254   Code   RO          417    .text               stm32f10x_dma.o
    0x08001c04   0x08001c04   0x0000035c   Code   RO          441    .text               stm32f10x_gpio.o
    0x08001f60   0x08001f60   0x00000408   Code   RO          453    .text               stm32f10x_usart.o
    0x08002368   0x08002368   0x000003a4   Code   RO          465    .text               stm32f10x_rcc.o
    0x0800270c   0x0800270c   0x0000030c   Code   RO          479    .text               stm32f10x_spi.o
    0x08002a18   0x08002a18   0x00000002   Code   RO          505    .text               c_w.l(use_no_semi_2.o)
    0x08002a1a   0x08002a1a   0x00000002   PAD
    0x08002a1c   0x08002a1c   0x00000024   Code   RO          507    .text               c_w.l(c89vsprintf.o)
    0x08002a40   0x08002a40   0x00000018   Code   RO          509    .text               c_w.l(__2printf.o)
    0x08002a58   0x08002a58   0x0000002c   Code   RO          511    .text               c_w.l(__2sprintf.o)
    0x08002a84   0x08002a84   0x0000004e   Code   RO          519    .text               c_w.l(_printf_pad.o)
    0x08002ad2   0x08002ad2   0x00000052   Code   RO          521    .text               c_w.l(_printf_str.o)
    0x08002b24   0x08002b24   0x00000078   Code   RO          523    .text               c_w.l(_printf_dec.o)
    0x08002b9c   0x08002b9c   0x00000188   Code   RO          542    .text               c_w.l(__printf_flags_ss_wp.o)
    0x08002d24   0x08002d24   0x00000024   Code   RO          548    .text               c_w.l(strstr.o)
    0x08002d48   0x08002d48   0x0000003e   Code   RO          550    .text               c_w.l(strlen.o)
    0x08002d86   0x08002d86   0x00000064   Code   RO          552    .text               c_w.l(rt_memcpy_w.o)
    0x08002dea   0x08002dea   0x0000004e   Code   RO          554    .text               c_w.l(rt_memclr_w.o)
    0x08002e38   0x08002e38   0x00000006   Code   RO          556    .text               c_w.l(heapauxi.o)
    0x08002e3e   0x08002e3e   0x00000002   Code   RO          596    .text               c_w.l(use_no_semi.o)
    0x08002e40   0x08002e40   0x00000024   Code   RO          599    .text               c_w.l(_printf_truncate.o)
    0x08002e64   0x08002e64   0x000000b2   Code   RO          601    .text               c_w.l(_printf_intcommon.o)
    0x08002f16   0x08002f16   0x00000028   Code   RO          603    .text               c_w.l(_printf_charcount.o)
    0x08002f3e   0x08002f3e   0x00000002   PAD
    0x08002f40   0x08002f40   0x00000030   Code   RO          605    .text               c_w.l(_printf_char_common.o)
    0x08002f70   0x08002f70   0x0000000a   Code   RO          607    .text               c_w.l(_sputc.o)
    0x08002f7a   0x08002f7a   0x0000002c   Code   RO          609    .text               c_w.l(_printf_char.o)
    0x08002fa6   0x08002fa6   0x00000002   PAD
    0x08002fa8   0x08002fa8   0x00000024   Code   RO          611    .text               c_w.l(_printf_char_file.o)
    0x08002fcc   0x08002fcc   0x000000bc   Code   RO          613    .text               c_w.l(_printf_wctomb.o)
    0x08003088   0x08003088   0x0000007c   Code   RO          616    .text               c_w.l(_printf_longlong_dec.o)
    0x08003104   0x08003104   0x00000070   Code   RO          622    .text               c_w.l(_printf_oct_int_ll.o)
    0x08003174   0x08003174   0x00000094   Code   RO          642    .text               c_w.l(_printf_hex_int_ll_ptr.o)
    0x08003208   0x08003208   0x0000008a   Code   RO          694    .text               c_w.l(lludiv10.o)
    0x08003292   0x08003292   0x0000041e   Code   RO          696    .text               c_w.l(_printf_fp_dec.o)
    0x080036b0   0x080036b0   0x0000002c   Code   RO          700    .text               c_w.l(_printf_wchar.o)
    0x080036dc   0x080036dc   0x00000008   Code   RO          702    .text               c_w.l(ferror.o)
    0x080036e4   0x080036e4   0x00000040   Code   RO          706    .text               c_w.l(_wcrtomb.o)
    0x08003724   0x08003724   0x0000004a   Code   RO          710    .text               c_w.l(sys_stackheap_outer.o)
    0x0800376e   0x0800376e   0x00000002   PAD
    0x08003770   0x08003770   0x00000010   Code   RO          712    .text               c_w.l(rt_ctype_table.o)
    0x08003780   0x08003780   0x00000008   Code   RO          717    .text               c_w.l(rt_locale_intlibspace.o)
    0x08003788   0x08003788   0x00000080   Code   RO          719    .text               c_w.l(_printf_fp_infnan.o)
    0x08003808   0x08003808   0x000000e4   Code   RO          721    .text               c_w.l(bigflt0.o)
    0x080038ec   0x080038ec   0x00000012   Code   RO          749    .text               c_w.l(exit.o)
    0x080038fe   0x080038fe   0x00000002   PAD
    0x08003900   0x08003900   0x00000008   Code   RO          761    .text               c_w.l(libspace.o)
    0x08003908   0x08003908   0x00000080   Code   RO          769    .text               c_w.l(strcmpv7m.o)
    0x08003988   0x08003988   0x0000003e   Code   RO          724    CL$$btod_d2e        c_w.l(btod.o)
    0x080039c6   0x080039c6   0x00000046   Code   RO          726    CL$$btod_d2e_denorm_low  c_w.l(btod.o)
    0x08003a0c   0x08003a0c   0x00000060   Code   RO          725    CL$$btod_d2e_norm_op1  c_w.l(btod.o)
    0x08003a6c   0x08003a6c   0x00000338   Code   RO          734    CL$$btod_div_common  c_w.l(btod.o)
    0x08003da4   0x08003da4   0x000000dc   Code   RO          731    CL$$btod_e2e        c_w.l(btod.o)
    0x08003e80   0x08003e80   0x0000002a   Code   RO          728    CL$$btod_ediv       c_w.l(btod.o)
    0x08003eaa   0x08003eaa   0x0000002a   Code   RO          727    CL$$btod_emul       c_w.l(btod.o)
    0x08003ed4   0x08003ed4   0x00000244   Code   RO          733    CL$$btod_mult_common  c_w.l(btod.o)
    0x08004118   0x08004118   0x00000028   Code   RO          759    i.__ARM_fpclassify  m_ws.l(fpclassify.o)
    0x08004140   0x08004140   0x0000000e   Code   RO          535    i._is_digit         c_w.l(__printf_wp.o)
    0x0800414e   0x0800414e   0x00000002   PAD
    0x08004150   0x08004150   0x0000002c   Code   RO          747    locale$$code        c_w.l(lc_numeric_c.o)
    0x0800417c   0x0800417c   0x0000002c   Code   RO          767    locale$$code        c_w.l(lc_ctype_c.o)
    0x080041a8   0x080041a8   0x00000062   Code   RO          560    x$fpl$d2f           fz_ws.l(d2f.o)
    0x0800420a   0x0800420a   0x00000002   PAD
    0x0800420c   0x0800420c   0x00000150   Code   RO          562    x$fpl$dadd          fz_ws.l(daddsub_clz.o)
    0x0800435c   0x0800435c   0x000002b0   Code   RO          569    x$fpl$ddiv          fz_ws.l(ddiv.o)
    0x0800460c   0x0800460c   0x0000005a   Code   RO          572    x$fpl$dfixu         fz_ws.l(dfixu.o)
    0x08004666   0x08004666   0x0000002e   Code   RO          577    x$fpl$dflt          fz_ws.l(dflt_clz.o)
    0x08004694   0x08004694   0x00000026   Code   RO          576    x$fpl$dfltu         fz_ws.l(dflt_clz.o)
    0x080046ba   0x080046ba   0x00000002   PAD
    0x080046bc   0x080046bc   0x00000154   Code   RO          582    x$fpl$dmul          fz_ws.l(dmul.o)
    0x08004810   0x08004810   0x0000009c   Code   RO          666    x$fpl$dnaninf       fz_ws.l(dnaninf.o)
    0x080048ac   0x080048ac   0x0000000c   Code   RO          668    x$fpl$dretinf       fz_ws.l(dretinf.o)
    0x080048b8   0x080048b8   0x00000016   Code   RO          563    x$fpl$drsb          fz_ws.l(daddsub_clz.o)
    0x080048ce   0x080048ce   0x00000002   PAD
    0x080048d0   0x080048d0   0x000001d4   Code   RO          564    x$fpl$dsub          fz_ws.l(daddsub_clz.o)
    0x08004aa4   0x08004aa4   0x00000056   Code   RO          584    x$fpl$f2d           fz_ws.l(f2d.o)
    0x08004afa   0x08004afa   0x00000018   Code   RO          708    x$fpl$fcmpinf       fz_ws.l(fcmpi.o)
    0x08004b12   0x08004b12   0x00000002   PAD
    0x08004b14   0x08004b14   0x00000184   Code   RO          587    x$fpl$fdiv          fz_ws.l(fdiv.o)
    0x08004c98   0x08004c98   0x00000036   Code   RO          590    x$fpl$ffix          fz_ws.l(ffix.o)
    0x08004cce   0x08004cce   0x00000002   PAD
    0x08004cd0   0x08004cd0   0x00000068   Code   RO          670    x$fpl$fleqf         fz_ws.l(fleqf.o)
    0x08004d38   0x08004d38   0x0000008c   Code   RO          672    x$fpl$fnaninf       fz_ws.l(fnaninf.o)
    0x08004dc4   0x08004dc4   0x0000000a   Code   RO          674    x$fpl$fretinf       fz_ws.l(fretinf.o)
    0x08004dce   0x08004dce   0x00000062   Code   RO          594    x$fpl$frleqf        fz_ws.l(frleqf.o)
    0x08004e30   0x08004e30   0x00000004   Code   RO          676    x$fpl$printf1       fz_ws.l(printf1.o)
    0x08004e34   0x08004e34   0x00000000   Code   RO          678    x$fpl$usenofp       fz_ws.l(usenofp.o)
    0x08004e34   0x08004e34   0x00000011   Data   RO          543    .constdata          c_w.l(__printf_flags_ss_wp.o)
    0x08004e45   0x08004e45   0x00000003   PAD
    0x08004e48   0x08004e48   0x00000008   Data   RO          614    .constdata          c_w.l(_printf_wctomb.o)
    0x08004e50   0x08004e50   0x00000028   Data   RO          643    .constdata          c_w.l(_printf_hex_int_ll_ptr.o)
    0x08004e78   0x08004e78   0x00000094   Data   RO          722    .constdata          c_w.l(bigflt0.o)
    0x08004f0c   0x08004f0c   0x00000020   Data   RO          891    Region$$Table       anon$$obj.o
    0x08004f2c   0x08004f2c   0x0000001c   Data   RO          746    locale$$data        c_w.l(lc_numeric_c.o)
    0x08004f48   0x08004f48   0x00000110   Data   RO          766    locale$$data        c_w.l(lc_ctype_c.o)


    Execution Region RW_IRAM1 (Exec base: 0x20000000, Load base: 0x08005058, Size: 0x00003138, Max: 0x00005000, ABSOLUTE)

    Exec Addr    Load Addr    Size         Type   Attr      Idx    E Section Name        Object

    0x20000000   0x08005058   0x0000000a   Data   RW            3    .data               main.o
    0x2000000a   0x08005062   0x00000002   PAD
    0x2000000c   0x08005064   0x00000014   Data   RW          202    .data               system_stm32f10x.o
    0x20000020   0x08005078   0x00000004   Data   RW          260    .data               delay.o
    0x20000024   0x0800507c   0x00000004   PAD
    0x20000028   0x08005080   0x00000018   Data   RW          292    .data               ads1220.o
    0x20000040   0x08005098   0x0000001c   Data   RW          321    .data               usart.o
    0x2000005c   0x080050b4   0x00000006   Data   RW          342    .data               usart2.o
    0x20000062   0x080050ba   0x00000006   Data   RW          369    .data               esp8266.o
    0x20000068   0x080050c0   0x00000014   Data   RW          466    .data               stm32f10x_rcc.o
    0x2000007c        -       0x00000028   Zero   RW          320    .bss                usart.o
    0x200000a4   0x080050d4   0x00000004   PAD
    0x200000a8        -       0x00000a2c   Zero   RW          341    .bss                usart2.o
    0x20000ad4        -       0x00002000   Zero   RW          368    .bss                esp8266.o
    0x20002ad4        -       0x00000060   Zero   RW          762    .bss                c_w.l(libspace.o)
    0x20002b34   0x080050d4   0x00000004   PAD
    0x20002b38        -       0x00000200   Zero   RW          399    HEAP                startup_stm32f10x_md.o
    0x20002d38        -       0x00000400   Zero   RW          398    STACK               startup_stm32f10x_md.o


==============================================================================

Image component sizes


      Code (inc. data)   RO Data    RW Data    ZI Data      Debug   Object Name

      1524        252          0         24          0       4913   ads1220.o
       452         12          0          0          0       1351   dac8563.o
       212         18          0          4          0        999   delay.o
       744        254          0          6       8192       2680   esp8266.o
       540        136          0         10          0     249157   main.o
       220         22          0          0          0       1761   misc.o
       144          4          0          0          0       1207   spi2.o
        64         26        236          0       1536        780   startup_stm32f10x_md.o
       596          8          0          0          0       4322   stm32f10x_dma.o
       860         38          0          0          0       5693   stm32f10x_gpio.o
        26          0          0          0          0       1158   stm32f10x_it.o
       932         36          0         20          0       8848   stm32f10x_rcc.o
       780         14          0          0          0       6574   stm32f10x_spi.o
      1032         22          0          0          0       8416   stm32f10x_usart.o
         0          0          0          0          0         32   sys.o
       480         38          0         20          0       1679   system_stm32f10x.o
       832         52          0         28         40       4705   usart.o
       772         56          0          6       2604       4209   usart2.o

    ----------------------------------------------------------------------
     10212        988        268        124      12376     308484   Object Totals
         0          0         32          0          0          0   (incl. Generated)
         2          0          0          6          4          0   (incl. Padding)

    ----------------------------------------------------------------------

      Code (inc. data)   RO Data    RW Data    ZI Data      Debug   Library Member Name

        24          4          0          0          0         84   __2printf.o
        44          6          0          0          0         84   __2sprintf.o
         8          0          0          0          0         68   __main.o
       392          4         17          0          0         92   __printf_flags_ss_wp.o
        14          0          0          0          0         68   __printf_wp.o
         0          0          0          0          0          0   __rtentry.o
        12          0          0          0          0          0   __rtentry2.o
         6          0          0          0          0          0   __rtentry4.o
        52          8          0          0          0          0   __scatter.o
        26          0          0          0          0          0   __scatter_copy.o
        28          0          0          0          0          0   __scatter_zi.o
         6          0          0          0          0          0   _printf_a.o
         6          0          0          0          0          0   _printf_c.o
        44          0          0          0          0        108   _printf_char.o
        48          6          0          0          0         96   _printf_char_common.o
        36          4          0          0          0         80   _printf_char_file.o
        40          0          0          0          0         68   _printf_charcount.o
         6          0          0          0          0          0   _printf_d.o
       120         16          0          0          0         92   _printf_dec.o
         6          0          0          0          0          0   _printf_e.o
         6          0          0          0          0          0   _printf_f.o
      1054          0          0          0          0        216   _printf_fp_dec.o
       128         16          0          0          0         84   _printf_fp_infnan.o
         6          0          0          0          0          0   _printf_g.o
       148          4         40          0          0        160   _printf_hex_int_ll_ptr.o
         6          0          0          0          0          0   _printf_i.o
       178          0          0          0          0         88   _printf_intcommon.o
        10          0          0          0          0          0   _printf_l.o
         6          0          0          0          0          0   _printf_lc.o
        10          0          0          0          0          0   _printf_ll.o
         6          0          0          0          0          0   _printf_lld.o
         6          0          0          0          0          0   _printf_lli.o
         6          0          0          0          0          0   _printf_llo.o
         6          0          0          0          0          0   _printf_llu.o
         6          0          0          0          0          0   _printf_llx.o
       124         16          0          0          0         92   _printf_longlong_dec.o
         6          0          0          0          0          0   _printf_ls.o
         6          0          0          0          0          0   _printf_n.o
         6          0          0          0          0          0   _printf_o.o
       112         10          0          0          0        124   _printf_oct_int_ll.o
         6          0          0          0          0          0   _printf_p.o
        78          0          0          0          0        108   _printf_pad.o
         0          0          0          0          0          0   _printf_percent.o
         4          0          0          0          0          0   _printf_percent_end.o
         6          0          0          0          0          0   _printf_s.o
        82          0          0          0          0         80   _printf_str.o
        36          0          0          0          0         84   _printf_truncate.o
         6          0          0          0          0          0   _printf_u.o
        44          0          0          0          0        108   _printf_wchar.o
       188          6          8          0          0         92   _printf_wctomb.o
         6          0          0          0          0          0   _printf_x.o
        10          0          0          0          0         68   _sputc.o
        64          0          0          0          0         92   _wcrtomb.o
       228          4        148          0          0         96   bigflt0.o
      1936        128          0          0          0        672   btod.o
        36          4          0          0          0         76   c89vsprintf.o
        18          0          0          0          0         80   exit.o
         8          0          0          0          0         68   ferror.o
         6          0          0          0          0        152   heapauxi.o
        44         10        272          0          0         76   lc_ctype_c.o
        44         10         28          0          0         76   lc_numeric_c.o
         2          0          0          0          0          0   libinit.o
        30          0          0          0          0          0   libinit2.o
         2          0          0          0          0          0   libshutdown.o
         2          0          0          0          0          0   libshutdown2.o
         8          4          0          0         96         68   libspace.o
       138          0          0          0          0         80   lludiv10.o
        16          4          0          0          0         76   rt_ctype_table.o
         8          4          0          0          0         68   rt_locale_intlibspace.o
        78          0          0          0          0         80   rt_memclr_w.o
       100          0          0          0          0         80   rt_memcpy_w.o
         2          0          0          0          0          0   rtexit.o
        10          0          0          0          0          0   rtexit2.o
       128          0          0          0          0         68   strcmpv7m.o
        62          0          0          0          0         76   strlen.o
        36          0          0          0          0         80   strstr.o
        74          0          0          0          0         80   sys_stackheap_outer.o
         2          0          0          0          0         68   use_no_semi.o
         2          0          0          0          0         68   use_no_semi_2.o
        98          4          0          0          0         92   d2f.o
       826         16          0          0          0        348   daddsub_clz.o
       688        140          0          0          0        208   ddiv.o
        90          4          0          0          0         92   dfixu.o
        84          0          0          0          0        136   dflt_clz.o
       340         12          0          0          0        104   dmul.o
       156          4          0          0          0         92   dnaninf.o
        12          0          0          0          0         68   dretinf.o
        86          4          0          0          0         84   f2d.o
        24          0          0          0          0         68   fcmpi.o
       388         76          0          0          0         96   fdiv.o
        54          4          0          0          0         84   ffix.o
       104          4          0          0          0         84   fleqf.o
       140          4          0          0          0         84   fnaninf.o
        10          0          0          0          0         68   fretinf.o
        98          0          0          0          0         68   frleqf.o
         4          0          0          0          0         68   printf1.o
         0          0          0          0          0          0   usenofp.o
        40          0          0          0          0         68   fpclassify.o

    ----------------------------------------------------------------------
      9572        540        516          0        100       6336   Library Totals
        26          0          3          0          4          0   (incl. Padding)

    ----------------------------------------------------------------------

      Code (inc. data)   RO Data    RW Data    ZI Data      Debug   Library Name

      6304        268        513          0         96       4424   c_w.l
      3202        272          0          0          0       1844   fz_ws.l
        40          0          0          0          0         68   m_ws.l

    ----------------------------------------------------------------------
      9572        540        516          0        100       6336   Library Totals

    ----------------------------------------------------------------------

==============================================================================


      Code (inc. data)   RO Data    RW Data    ZI Data      Debug   

     19784       1528        784        124      12476     310032   Grand Totals
     19784       1528        784        124      12476     310032   ELF Image Totals
     19784       1528        784        124          0          0   ROM Totals

==============================================================================

    Total RO  Size (Code + RO Data)                20568 (  20.09kB)
    Total RW  Size (RW Data + ZI Data)             12600 (  12.30kB)
    Total ROM Size (Code + RO Data + RW Data)      20692 (  20.21kB)

==============================================================================

